{
  "version": "1.5.0",
  "plugins_used": [
    {
      "name": "ArtifactoryDetector"
    },
    {
      "name": "AWSKeyDetector"
    },
    {
      "name": "AzureStorageKeyDetector"
    },
    {
      "name": "Base64HighEntropyString",
      "limit": 4.5
    },
    {
      "name": "BasicAuthDetector"
    },
    {
      "name": "CloudantDetector"
    },
    {
      "name": "DiscordBotTokenDetector"
    },
    {
      "name": "GitHubTokenDetector"
    },
    {
      "name": "GitLabTokenDetector"
    },
    {
      "name": "HexHighEntropyString",
      "limit": 3.0
    },
    {
      "name": "IbmCloudIamDetector"
    },
    {
      "name": "IbmCosHmacDetector"
    },
    {
      "name": "IPPublicDetector"
    },
    {
      "name": "JwtTokenDetector"
    },
    {
      "name": "KeywordDetector",
      "keyword_exclude": ""
    },
    {
      "name": "MailchimpDetector"
    },
    {
      "name": "NpmDetector"
    },
    {
      "name": "OpenAIDetector"
    },
    {
      "name": "PrivateKeyDetector"
    },
    {
      "name": "PypiTokenDetector"
    },
    {
      "name": "SendGridDetector"
    },
    {
      "name": "SlackDetector"
    },
    {
      "name": "SoftlayerDetector"
    },
    {
      "name": "SquareOAuthDetector"
    },
    {
      "name": "StripeDetector"
    },
    {
      "name": "TelegramBotTokenDetector"
    },
    {
      "name": "TwilioKeyDetector"
    }
  ],
  "filters_used": [
    {
      "path": "detect_secrets.filters.allowlist.is_line_allowlisted"
    },
    {
      "path": "detect_secrets.filters.common.is_baseline_file",
      "filename": ".secrets.baseline"
    },
    {
      "path": "detect_secrets.filters.common.is_ignored_due_to_verification_policies",
      "min_level": 2
    },
    {
      "path": "detect_secrets.filters.heuristic.is_indirect_reference"
    },
    {
      "path": "detect_secrets.filters.heuristic.is_likely_id_string"
    },
    {
      "path": "detect_secrets.filters.heuristic.is_lock_file"
    },
    {
      "path": "detect_secrets.filters.heuristic.is_not_alphanumeric_string"
    },
    {
      "path": "detect_secrets.filters.heuristic.is_potential_uuid"
    },
    {
      "path": "detect_secrets.filters.heuristic.is_prefixed_with_dollar_sign"
    },
    {
      "path": "detect_secrets.filters.heuristic.is_sequential_string"
    },
    {
      "path": "detect_secrets.filters.heuristic.is_swagger_file"
    },
    {
      "path": "detect_secrets.filters.heuristic.is_templated_secret"
    }
  ],
  "results": {
    ".claude-mpm/PM_INSTRUCTIONS.md.meta": [
      {
        "type": "Hex High Entropy String",
        "filename": ".claude-mpm/PM_INSTRUCTIONS.md.meta",
        "hashed_secret": "ffc5723b69cf77ff2cf8a49956886485c6205810",
        "is_verified": false,
        "line_number": 11
      }
    ],
    ".claude-mpm/cache/deployment_state.json": [
      {
        "type": "Hex High Entropy String",
        "filename": ".claude-mpm/cache/deployment_state.json",
        "hashed_secret": "91e686d5759c57da26a454528c6cb03fb35d7d8d",
        "is_verified": false,
        "line_number": 4
      }
    ],
    ".claude-mpm/pm_skills_registry.yaml": [
      {
        "type": "Hex High Entropy String",
        "filename": ".claude-mpm/pm_skills_registry.yaml",
        "hashed_secret": "497fd36ebbc867eeb4436e3eb3f4ce2e1fbf5d31",
        "is_verified": false,
        "line_number": 3
      },
      {
        "type": "Hex High Entropy String",
        "filename": ".claude-mpm/pm_skills_registry.yaml",
        "hashed_secret": "2fb57abbe7b89e5cfdc12b9ec7feb3cb6561427c",
        "is_verified": false,
        "line_number": 7
      },
      {
        "type": "Hex High Entropy String",
        "filename": ".claude-mpm/pm_skills_registry.yaml",
        "hashed_secret": "2a358b679b6227256faab9bbb2e3228d8a76a212",
        "is_verified": false,
        "line_number": 11
      },
      {
        "type": "Hex High Entropy String",
        "filename": ".claude-mpm/pm_skills_registry.yaml",
        "hashed_secret": "c11105092b632d325a168d6ce746fcbb1e5fff17",
        "is_verified": false,
        "line_number": 15
      },
      {
        "type": "Hex High Entropy String",
        "filename": ".claude-mpm/pm_skills_registry.yaml",
        "hashed_secret": "1ecec3d309a0f858bf418198d81dd24a9f688661",
        "is_verified": false,
        "line_number": 19
      },
      {
        "type": "Hex High Entropy String",
        "filename": ".claude-mpm/pm_skills_registry.yaml",
        "hashed_secret": "1124d64055c3671c1419c7ef9b46a5437acff0a4",
        "is_verified": false,
        "line_number": 23
      },
      {
        "type": "Hex High Entropy String",
        "filename": ".claude-mpm/pm_skills_registry.yaml",
        "hashed_secret": "18b5c09fee6e0f757589cfaef28568118c9434c0",
        "is_verified": false,
        "line_number": 27
      },
      {
        "type": "Hex High Entropy String",
        "filename": ".claude-mpm/pm_skills_registry.yaml",
        "hashed_secret": "153500497fadc530dd59b99fa7ca1e95bcde364a",
        "is_verified": false,
        "line_number": 31
      },
      {
        "type": "Hex High Entropy String",
        "filename": ".claude-mpm/pm_skills_registry.yaml",
        "hashed_secret": "34d6c26c6e873152f634c117d1788a30f7e08bca",
        "is_verified": false,
        "line_number": 35
      },
      {
        "type": "Hex High Entropy String",
        "filename": ".claude-mpm/pm_skills_registry.yaml",
        "hashed_secret": "1a988ffdf2aaaddcea4a56a2677e62cc523dea54",
        "is_verified": false,
        "line_number": 39
      },
      {
        "type": "Hex High Entropy String",
        "filename": ".claude-mpm/pm_skills_registry.yaml",
        "hashed_secret": "2dea9d9d4b145b47579b451410f8d8737d1d34be",
        "is_verified": false,
        "line_number": 43
      },
      {
        "type": "Hex High Entropy String",
        "filename": ".claude-mpm/pm_skills_registry.yaml",
        "hashed_secret": "377aba779ad60d2c95892139ddd0abd22bcfc930",
        "is_verified": false,
        "line_number": 47
      },
      {
        "type": "Hex High Entropy String",
        "filename": ".claude-mpm/pm_skills_registry.yaml",
        "hashed_secret": "76799b983d15fadb55b116b3f5e74ee78c7c06fb",
        "is_verified": false,
        "line_number": 51
      },
      {
        "type": "Hex High Entropy String",
        "filename": ".claude-mpm/pm_skills_registry.yaml",
        "hashed_secret": "4af7c571f5aa48cfa55118528a939270d0f366d0",
        "is_verified": false,
        "line_number": 55
      },
      {
        "type": "Hex High Entropy String",
        "filename": ".claude-mpm/pm_skills_registry.yaml",
        "hashed_secret": "3e29812f930543a69849aceeeeb69db151da8c09",
        "is_verified": false,
        "line_number": 59
      },
      {
        "type": "Hex High Entropy String",
        "filename": ".claude-mpm/pm_skills_registry.yaml",
        "hashed_secret": "b01393ae811b695a6e2b61719aa45e5075281271",
        "is_verified": false,
        "line_number": 63
      },
      {
        "type": "Hex High Entropy String",
        "filename": ".claude-mpm/pm_skills_registry.yaml",
        "hashed_secret": "e4d46b7d160bcb30e6d94d6d40e0650b356383ec",
        "is_verified": false,
        "line_number": 67
      },
      {
        "type": "Hex High Entropy String",
        "filename": ".claude-mpm/pm_skills_registry.yaml",
        "hashed_secret": "ce6f1b7b885ade36c88ada5b04ed21c7e5c15ae5",
        "is_verified": false,
        "line_number": 71
      },
      {
        "type": "Hex High Entropy String",
        "filename": ".claude-mpm/pm_skills_registry.yaml",
        "hashed_secret": "8a0d75c9b8709631b3a1e7557bcb6230563e3441",
        "is_verified": false,
        "line_number": 75
      },
      {
        "type": "Hex High Entropy String",
        "filename": ".claude-mpm/pm_skills_registry.yaml",
        "hashed_secret": "9afebb14fcebd06ea635e80d8611c69a265e5bae",
        "is_verified": false,
        "line_number": 79
      }
    ],
    ".claude-mpm/skills/pm/pm-teaching-mode.md": [
      {
        "type": "Secret Keyword",
        "filename": ".claude-mpm/skills/pm/pm-teaching-mode.md",
        "hashed_secret": "b0a78e6e33b0e4c55ac315eefdc7ade26640a7b0",
        "is_verified": false,
        "line_number": 46
      },
      {
        "type": "Secret Keyword",
        "filename": ".claude-mpm/skills/pm/pm-teaching-mode.md",
        "hashed_secret": "20b05c695ef1f14caa80ab1ce617d503ba9de093",
        "is_verified": false,
        "line_number": 516
      }
    ],
    ".env.example": [
      {
        "type": "Basic Auth Credentials",
        "filename": ".env.example",
        "hashed_secret": "5baa61e4c9b93f3f0682250b6cf8331b7ee68fd8",
        "is_verified": false,
        "line_number": 5
      }
    ],
    "docs/reference/DRIVE-INTEGRATION-SUMMARY.md": [
      {
        "type": "Private Key",
        "filename": "docs/reference/DRIVE-INTEGRATION-SUMMARY.md",
        "hashed_secret": "1348b145fa1a555461c1b790a2f66614781091e9",
        "is_verified": false,
        "line_number": 194
      }
    ],
    "docs/research/inngest-configuration-analysis-2026-01-07.md": [
      {
        "type": "Basic Auth Credentials",
        "filename": "docs/research/inngest-configuration-analysis-2026-01-07.md",
        "hashed_secret": "5baa61e4c9b93f3f0682250b6cf8331b7ee68fd8",
        "is_verified": false,
        "line_number": 50
      }
    ],
    "docs/test-batch-extract.md": [
      {
        "type": "Basic Auth Credentials",
        "filename": "docs/test-batch-extract.md",
        "hashed_secret": "5baa61e4c9b93f3f0682250b6cf8331b7ee68fd8",
        "is_verified": false,
        "line_number": 117
      }
    ],
    "scripts/check-weaviate-entities.mjs": [
      {
        "type": "Base64 High Entropy String",
        "filename": "scripts/check-weaviate-entities.mjs",
        "hashed_secret": "e0ee8795742a7d87cb57a4706246d9f45566bcba",
        "is_verified": false,
        "line_number": 16
      }
    ],
    "scripts/comprehensive-userid-test.ts": [
      {
        "type": "Base64 High Entropy String",
        "filename": "scripts/comprehensive-userid-test.ts",
        "hashed_secret": "e0ee8795742a7d87cb57a4706246d9f45566bcba",
        "is_verified": false,
        "line_number": 17
      }
    ],
    "scripts/test-chat-sessions.ts": [
      {
        "type": "Base64 High Entropy String",
        "filename": "scripts/test-chat-sessions.ts",
        "hashed_secret": "e0ee8795742a7d87cb57a4706246d9f45566bcba",
        "is_verified": false,
        "line_number": 28
      }
    ],
    "scripts/test-entities-api-debug.ts": [
      {
        "type": "Base64 High Entropy String",
        "filename": "scripts/test-entities-api-debug.ts",
        "hashed_secret": "e0ee8795742a7d87cb57a4706246d9f45566bcba",
        "is_verified": false,
        "line_number": 15
      }
    ],
    "scripts/test-entities-api-direct.ts": [
      {
        "type": "Base64 High Entropy String",
        "filename": "scripts/test-entities-api-direct.ts",
        "hashed_secret": "e0ee8795742a7d87cb57a4706246d9f45566bcba",
        "is_verified": false,
        "line_number": 29
      }
    ],
    "scripts/test-extraction-status-fix.mjs": [
      {
        "type": "Base64 High Entropy String",
        "filename": "scripts/test-extraction-status-fix.mjs",
        "hashed_secret": "e0ee8795742a7d87cb57a4706246d9f45566bcba",
        "is_verified": false,
        "line_number": 10
      }
    ],
    "tests/__fixtures__/events.ts": [
      {
        "type": "Hex High Entropy String",
        "filename": "tests/__fixtures__/events.ts",
        "hashed_secret": "90bd1b48e958257948487b90bee080ba5ed00caa",
        "is_verified": false,
        "line_number": 62
      },
      {
        "type": "Hex High Entropy String",
        "filename": "tests/__fixtures__/events.ts",
        "hashed_secret": "267e8028aee7bd18ee973796939199d23f94325e",
        "is_verified": false,
        "line_number": 66
      },
      {
        "type": "Hex High Entropy String",
        "filename": "tests/__fixtures__/events.ts",
        "hashed_secret": "9eef110c706799e7b6f5fd2bfe93ee23e48489d6",
        "is_verified": false,
        "line_number": 133
      }
    ],
    "tests/setup.ts": [
      {
        "type": "Secret Keyword",
        "filename": "tests/setup.ts",
        "hashed_secret": "2e7a7ee14caebf378fc32d6cf6f557f347c96773",
        "is_verified": false,
        "line_number": 7
      }
    ]
  },
  "generated_at": "2026-01-20T20:18:03Z"
}
